// Jest Snapshot v1, https://goo.gl/fbAQLP

exports[`<Header /> should render correctly 1`] = `
<header
  class="sc-bdVaJa eKWVDX"
>
  <img
    alt="Brand from Agrotis"
    class="sc-bwzfXH hoNFxY"
    src="agrotis.png"
  />
</header>
`;
