// Jest Snapshot v1, https://goo.gl/fbAQLP

exports[`<Card /> should render correctly with all props 1`] = `ShallowWrapper {}`;
