// Jest Snapshot v1, https://goo.gl/fbAQLP

exports[`<Market /> should render correctly with all props 1`] = `
<section
  class="market"
>
  <h4
    class="market__title"
  >
    Player to Score First
  </h4>
  <div
    class="market__selections-wrapper"
  >
    <button
      class="market__btn "
      type="button"
    >
      <span>
        Messi
      </span>
      <span>
        1.3
      </span>
    </button>
  </div>
</section>
`;
