// Jest Snapshot v1, https://goo.gl/fbAQLP

exports[`<App /> should render correctly and match snapshot 1`] = `
ShallowWrapper {
  Symbol(enzyme.__root__): [Circular],
  Symbol(enzyme.__unrendered__): <App />,
  Symbol(enzyme.__renderer__): Object {
    "batchedUpdates": [Function],
    "getNode": [Function],
    "render": [Function],
    "simulateError": [Function],
    "simulateEvent": [Function],
    "unmount": [Function],
  },
  Symbol(enzyme.__node__): Object {
    "instance": null,
    "key": undefined,
    "nodeType": "host",
    "props": Object {
      "children": Array [
        <h1
          className="shoppingCart__title"
        >
          Shopping Cart
        </h1>,
        <CounterContainer
          counters={
            Array [
              Object {
                "id": 1,
                "value": 2,
              },
              Object {
                "id": 2,
              },
              Object {
                "id": 3,
              },
            ]
          }
          onDelete={[Function]}
        />,
      ],
      "className": "shoppingCart",
    },
    "ref": null,
    "rendered": Array [
      Object {
        "instance": null,
        "key": undefined,
        "nodeType": "host",
        "props": Object {
          "children": "Shopping Cart",
          "className": "shoppingCart__title",
        },
        "ref": null,
        "rendered": "Shopping Cart",
        "type": "h1",
      },
      Object {
        "instance": null,
        "key": undefined,
        "nodeType": "class",
        "props": Object {
          "counters": Array [
            Object {
              "id": 1,
              "value": 2,
            },
            Object {
              "id": 2,
            },
            Object {
              "id": 3,
            },
          ],
          "onDelete": [Function],
        },
        "ref": null,
        "rendered": null,
        "type": [Function],
      },
    ],
    "type": "section",
  },
  Symbol(enzyme.__nodes__): Array [
    Object {
      "instance": null,
      "key": undefined,
      "nodeType": "host",
      "props": Object {
        "children": Array [
          <h1
            className="shoppingCart__title"
          >
            Shopping Cart
          </h1>,
          <CounterContainer
            counters={
              Array [
                Object {
                  "id": 1,
                  "value": 2,
                },
                Object {
                  "id": 2,
                },
                Object {
                  "id": 3,
                },
              ]
            }
            onDelete={[Function]}
          />,
        ],
        "className": "shoppingCart",
      },
      "ref": null,
      "rendered": Array [
        Object {
          "instance": null,
          "key": undefined,
          "nodeType": "host",
          "props": Object {
            "children": "Shopping Cart",
            "className": "shoppingCart__title",
          },
          "ref": null,
          "rendered": "Shopping Cart",
          "type": "h1",
        },
        Object {
          "instance": null,
          "key": undefined,
          "nodeType": "class",
          "props": Object {
            "counters": Array [
              Object {
                "id": 1,
                "value": 2,
              },
              Object {
                "id": 2,
              },
              Object {
                "id": 3,
              },
            ],
            "onDelete": [Function],
          },
          "ref": null,
          "rendered": null,
          "type": [Function],
        },
      ],
      "type": "section",
    },
  ],
  Symbol(enzyme.__options__): Object {
    "adapter": ReactSixteenAdapter {
      "options": Object {
        "enableComponentDidUpdateOnSetState": true,
        "lifecycles": Object {
          "componentDidUpdate": Object {
            "onSetState": true,
          },
          "getDerivedStateFromProps": true,
          "getSnapshotBeforeUpdate": true,
          "setState": Object {
            "skipsComponentDidUpdateOnNullish": true,
          },
        },
      },
    },
    "attachTo": undefined,
    "hydrateIn": undefined,
  },
}
`;
