// Jest Snapshot v1, https://goo.gl/fbAQLP

exports[`<Counter /> should render correctly and match snapshot 1`] = `
ShallowWrapper {
  Symbol(enzyme.__root__): [Circular],
  Symbol(enzyme.__unrendered__): <Counter
    value={0}
  />,
  Symbol(enzyme.__renderer__): Object {
    "batchedUpdates": [Function],
    "getNode": [Function],
    "render": [Function],
    "simulateError": [Function],
    "simulateEvent": [Function],
    "unmount": [Function],
  },
  Symbol(enzyme.__node__): Object {
    "instance": null,
    "key": undefined,
    "nodeType": "host",
    "props": Object {
      "children": Array [
        <span
          className="counter__quantity m-2 badge badge-warning"
        >
          Zero
        </span>,
        <button
          className="btn btn-primary btn-sm"
          onClick={[Function]}
        >
          Increment
        </button>,
      ],
      "className": "counter",
    },
    "ref": null,
    "rendered": Array [
      Object {
        "instance": null,
        "key": undefined,
        "nodeType": "host",
        "props": Object {
          "children": "Zero",
          "className": "counter__quantity m-2 badge badge-warning",
        },
        "ref": null,
        "rendered": "Zero",
        "type": "span",
      },
      Object {
        "instance": null,
        "key": undefined,
        "nodeType": "host",
        "props": Object {
          "children": "Increment",
          "className": "btn btn-primary btn-sm",
          "onClick": [Function],
        },
        "ref": null,
        "rendered": "Increment",
        "type": "button",
      },
    ],
    "type": "div",
  },
  Symbol(enzyme.__nodes__): Array [
    Object {
      "instance": null,
      "key": undefined,
      "nodeType": "host",
      "props": Object {
        "children": Array [
          <span
            className="counter__quantity m-2 badge badge-warning"
          >
            Zero
          </span>,
          <button
            className="btn btn-primary btn-sm"
            onClick={[Function]}
          >
            Increment
          </button>,
        ],
        "className": "counter",
      },
      "ref": null,
      "rendered": Array [
        Object {
          "instance": null,
          "key": undefined,
          "nodeType": "host",
          "props": Object {
            "children": "Zero",
            "className": "counter__quantity m-2 badge badge-warning",
          },
          "ref": null,
          "rendered": "Zero",
          "type": "span",
        },
        Object {
          "instance": null,
          "key": undefined,
          "nodeType": "host",
          "props": Object {
            "children": "Increment",
            "className": "btn btn-primary btn-sm",
            "onClick": [Function],
          },
          "ref": null,
          "rendered": "Increment",
          "type": "button",
        },
      ],
      "type": "div",
    },
  ],
  Symbol(enzyme.__options__): Object {
    "adapter": ReactSixteenAdapter {
      "options": Object {
        "enableComponentDidUpdateOnSetState": true,
        "lifecycles": Object {
          "componentDidUpdate": Object {
            "onSetState": true,
          },
          "getDerivedStateFromProps": true,
          "getSnapshotBeforeUpdate": true,
          "setState": Object {
            "skipsComponentDidUpdateOnNullish": true,
          },
        },
      },
    },
    "attachTo": undefined,
    "hydrateIn": undefined,
  },
}
`;
