// Jest Snapshot v1, https://goo.gl/fbAQLP

exports[`<App /> should render correctly with title 1`] = `ShallowWrapper {}`;
