// Jest Snapshot v1, https://goo.gl/fbAQLP

exports[`<App /> should render correctly component 1`] = `
ShallowWrapper {
  Symbol(enzyme.__root__): [Circular],
  Symbol(enzyme.__unrendered__): <App />,
  Symbol(enzyme.__renderer__): Object {
    "batchedUpdates": [Function],
    "getNode": [Function],
    "render": [Function],
    "simulateEvent": [Function],
    "unmount": [Function],
  },
  Symbol(enzyme.__node__): Object {
    "instance": null,
    "key": undefined,
    "nodeType": "host",
    "props": Object {
      "children": Array [
        <h1
          className="App__title"
>
          music master
</h1>,
        <FormGroup
          bsClass="form-group"
          className="App__search-form"
          role="search"
>
          <InputGroup
                    bsClass="input-group"
          >
                    <FormControl
                              aria-label="search for an artist"
                              aria-required="true"
                              bsClass="form-control"
                              componentClass="input"
                              onChange={[Function]}
                              onKeyPress={[Function]}
                              placeholder="search for an artist"
                              query=""
                              required={true}
                              role="textbox"
                              type="text"
                    />
                    <InputGroupAddon
                              bsClass="input-group-addon"
                              onClick={[Function]}
                              role="button"
                    >
                              <Glyphicon
                                        bsClass="glyphicon"
                                        glyph="search"
                              />
                    </InputGroupAddon>
          </InputGroup>
</FormGroup>,
        null,
        <Gallery />,
      ],
      "className": "App",
      "role": "main",
    },
    "ref": null,
    "rendered": Array [
      Object {
        "instance": null,
        "key": undefined,
        "nodeType": "host",
        "props": Object {
          "children": "music master",
          "className": "App__title",
        },
        "ref": null,
        "rendered": "music master",
        "type": "h1",
      },
      Object {
        "instance": null,
        "key": undefined,
        "nodeType": "class",
        "props": Object {
          "bsClass": "form-group",
          "children": <InputGroup
            bsClass="input-group"
>
            <FormControl
                        aria-label="search for an artist"
                        aria-required="true"
                        bsClass="form-control"
                        componentClass="input"
                        onChange={[Function]}
                        onKeyPress={[Function]}
                        placeholder="search for an artist"
                        query=""
                        required={true}
                        role="textbox"
                        type="text"
            />
            <InputGroupAddon
                        bsClass="input-group-addon"
                        onClick={[Function]}
                        role="button"
            >
                        <Glyphicon
                                    bsClass="glyphicon"
                                    glyph="search"
                        />
            </InputGroupAddon>
</InputGroup>,
          "className": "App__search-form",
          "role": "search",
        },
        "ref": null,
        "rendered": Object {
          "instance": null,
          "key": undefined,
          "nodeType": "class",
          "props": Object {
            "bsClass": "input-group",
            "children": Array [
              <FormControl
                aria-label="search for an artist"
                aria-required="true"
                bsClass="form-control"
                componentClass="input"
                onChange={[Function]}
                onKeyPress={[Function]}
                placeholder="search for an artist"
                query=""
                required={true}
                role="textbox"
                type="text"
/>,
              <InputGroupAddon
                bsClass="input-group-addon"
                onClick={[Function]}
                role="button"
>
                <Glyphicon
                                bsClass="glyphicon"
                                glyph="search"
                />
</InputGroupAddon>,
            ],
          },
          "ref": null,
          "rendered": Array [
            Object {
              "instance": null,
              "key": undefined,
              "nodeType": "class",
              "props": Object {
                "aria-label": "search for an artist",
                "aria-required": "true",
                "bsClass": "form-control",
                "componentClass": "input",
                "onChange": [Function],
                "onKeyPress": [Function],
                "placeholder": "search for an artist",
                "query": "",
                "required": true,
                "role": "textbox",
                "type": "text",
              },
              "ref": null,
              "rendered": null,
              "type": [Function],
            },
            Object {
              "instance": null,
              "key": undefined,
              "nodeType": "class",
              "props": Object {
                "bsClass": "input-group-addon",
                "children": <Glyphicon
                  bsClass="glyphicon"
                  glyph="search"
/>,
                "onClick": [Function],
                "role": "button",
              },
              "ref": null,
              "rendered": Object {
                "instance": null,
                "key": undefined,
                "nodeType": "class",
                "props": Object {
                  "bsClass": "glyphicon",
                  "glyph": "search",
                },
                "ref": null,
                "rendered": null,
                "type": [Function],
              },
              "type": [Function],
            },
          ],
          "type": [Function],
        },
        "type": [Function],
      },
      null,
      Object {
        "instance": null,
        "key": undefined,
        "nodeType": "class",
        "props": Object {},
        "ref": null,
        "rendered": null,
        "type": [Function],
      },
    ],
    "type": "main",
  },
  Symbol(enzyme.__nodes__): Array [
    Object {
      "instance": null,
      "key": undefined,
      "nodeType": "host",
      "props": Object {
        "children": Array [
          <h1
            className="App__title"
>
            music master
</h1>,
          <FormGroup
            bsClass="form-group"
            className="App__search-form"
            role="search"
>
            <InputGroup
                        bsClass="input-group"
            >
                        <FormControl
                                    aria-label="search for an artist"
                                    aria-required="true"
                                    bsClass="form-control"
                                    componentClass="input"
                                    onChange={[Function]}
                                    onKeyPress={[Function]}
                                    placeholder="search for an artist"
                                    query=""
                                    required={true}
                                    role="textbox"
                                    type="text"
                        />
                        <InputGroupAddon
                                    bsClass="input-group-addon"
                                    onClick={[Function]}
                                    role="button"
                        >
                                    <Glyphicon
                                                bsClass="glyphicon"
                                                glyph="search"
                                    />
                        </InputGroupAddon>
            </InputGroup>
</FormGroup>,
          null,
          <Gallery />,
        ],
        "className": "App",
        "role": "main",
      },
      "ref": null,
      "rendered": Array [
        Object {
          "instance": null,
          "key": undefined,
          "nodeType": "host",
          "props": Object {
            "children": "music master",
            "className": "App__title",
          },
          "ref": null,
          "rendered": "music master",
          "type": "h1",
        },
        Object {
          "instance": null,
          "key": undefined,
          "nodeType": "class",
          "props": Object {
            "bsClass": "form-group",
            "children": <InputGroup
              bsClass="input-group"
>
              <FormControl
                            aria-label="search for an artist"
                            aria-required="true"
                            bsClass="form-control"
                            componentClass="input"
                            onChange={[Function]}
                            onKeyPress={[Function]}
                            placeholder="search for an artist"
                            query=""
                            required={true}
                            role="textbox"
                            type="text"
              />
              <InputGroupAddon
                            bsClass="input-group-addon"
                            onClick={[Function]}
                            role="button"
              >
                            <Glyphicon
                                          bsClass="glyphicon"
                                          glyph="search"
                            />
              </InputGroupAddon>
</InputGroup>,
            "className": "App__search-form",
            "role": "search",
          },
          "ref": null,
          "rendered": Object {
            "instance": null,
            "key": undefined,
            "nodeType": "class",
            "props": Object {
              "bsClass": "input-group",
              "children": Array [
                <FormControl
                  aria-label="search for an artist"
                  aria-required="true"
                  bsClass="form-control"
                  componentClass="input"
                  onChange={[Function]}
                  onKeyPress={[Function]}
                  placeholder="search for an artist"
                  query=""
                  required={true}
                  role="textbox"
                  type="text"
/>,
                <InputGroupAddon
                  bsClass="input-group-addon"
                  onClick={[Function]}
                  role="button"
>
                  <Glyphicon
                                    bsClass="glyphicon"
                                    glyph="search"
                  />
</InputGroupAddon>,
              ],
            },
            "ref": null,
            "rendered": Array [
              Object {
                "instance": null,
                "key": undefined,
                "nodeType": "class",
                "props": Object {
                  "aria-label": "search for an artist",
                  "aria-required": "true",
                  "bsClass": "form-control",
                  "componentClass": "input",
                  "onChange": [Function],
                  "onKeyPress": [Function],
                  "placeholder": "search for an artist",
                  "query": "",
                  "required": true,
                  "role": "textbox",
                  "type": "text",
                },
                "ref": null,
                "rendered": null,
                "type": [Function],
              },
              Object {
                "instance": null,
                "key": undefined,
                "nodeType": "class",
                "props": Object {
                  "bsClass": "input-group-addon",
                  "children": <Glyphicon
                    bsClass="glyphicon"
                    glyph="search"
/>,
                  "onClick": [Function],
                  "role": "button",
                },
                "ref": null,
                "rendered": Object {
                  "instance": null,
                  "key": undefined,
                  "nodeType": "class",
                  "props": Object {
                    "bsClass": "glyphicon",
                    "glyph": "search",
                  },
                  "ref": null,
                  "rendered": null,
                  "type": [Function],
                },
                "type": [Function],
              },
            ],
            "type": [Function],
          },
          "type": [Function],
        },
        null,
        Object {
          "instance": null,
          "key": undefined,
          "nodeType": "class",
          "props": Object {},
          "ref": null,
          "rendered": null,
          "type": [Function],
        },
      ],
      "type": "main",
    },
  ],
  Symbol(enzyme.__options__): Object {
    "adapter": ReactSixteenAdapter {
      "options": Object {
        "enableComponentDidUpdateOnSetState": true,
        "lifecycles": Object {
          "componentDidUpdate": Object {
            "onSetState": true,
          },
          "getSnapshotBeforeUpdate": true,
        },
      },
    },
    "attachTo": undefined,
    "hydrateIn": undefined,
  },
}
`;
