// Jest Snapshot v1, https://goo.gl/fbAQLP

exports[`<Profile /> should render correctly component 1`] = `
ShallowWrapper {
  Symbol(enzyme.__root__): [Circular],
  Symbol(enzyme.__unrendered__): <Profile
    artist={
      Object {
        "followers": Object {
          "total": 10,
        },
        "images": Array [
          Object {
            "name": "Test",
            "url": "https://google.com",
          },
        ],
      }
    }
  />,
  Symbol(enzyme.__renderer__): Object {
    "batchedUpdates": [Function],
    "getNode": [Function],
    "render": [Function],
    "simulateEvent": [Function],
    "unmount": [Function],
  },
  Symbol(enzyme.__node__): Object {
    "instance": null,
    "key": undefined,
    "nodeType": "host",
    "props": Object {
      "children": Array [
        <img
          className="profile__image"
          src="https://google.com"
        />,
        <div
          className="profile__details"
        >
          <h2
            className="profiles__name"
          />
          <h3
            className="profiles__followers"
          >
            10
             
            followers
          </h3>
          <ul
            className="profile__genres"
          />
        </div>,
      ],
      "className": "profile",
    },
    "ref": null,
    "rendered": Array [
      Object {
        "instance": null,
        "key": undefined,
        "nodeType": "host",
        "props": Object {
          "alt": undefined,
          "className": "profile__image",
          "src": "https://google.com",
        },
        "ref": null,
        "rendered": null,
        "type": "img",
      },
      Object {
        "instance": null,
        "key": undefined,
        "nodeType": "host",
        "props": Object {
          "children": Array [
            <h2
              className="profiles__name"
            />,
            <h3
              className="profiles__followers"
            >
              10
               
              followers
            </h3>,
            <ul
              className="profile__genres"
            />,
          ],
          "className": "profile__details",
        },
        "ref": null,
        "rendered": Array [
          Object {
            "instance": null,
            "key": undefined,
            "nodeType": "host",
            "props": Object {
              "children": undefined,
              "className": "profiles__name",
            },
            "ref": null,
            "rendered": null,
            "type": "h2",
          },
          Object {
            "instance": null,
            "key": undefined,
            "nodeType": "host",
            "props": Object {
              "children": Array [
                10,
                " ",
                "followers",
              ],
              "className": "profiles__followers",
            },
            "ref": null,
            "rendered": Array [
              10,
              " ",
              "followers",
            ],
            "type": "h3",
          },
          Object {
            "instance": null,
            "key": undefined,
            "nodeType": "host",
            "props": Object {
              "children": undefined,
              "className": "profile__genres",
            },
            "ref": null,
            "rendered": null,
            "type": "ul",
          },
        ],
        "type": "div",
      },
    ],
    "type": "section",
  },
  Symbol(enzyme.__nodes__): Array [
    Object {
      "instance": null,
      "key": undefined,
      "nodeType": "host",
      "props": Object {
        "children": Array [
          <img
            className="profile__image"
            src="https://google.com"
          />,
          <div
            className="profile__details"
          >
            <h2
              className="profiles__name"
            />
            <h3
              className="profiles__followers"
            >
              10
               
              followers
            </h3>
            <ul
              className="profile__genres"
            />
          </div>,
        ],
        "className": "profile",
      },
      "ref": null,
      "rendered": Array [
        Object {
          "instance": null,
          "key": undefined,
          "nodeType": "host",
          "props": Object {
            "alt": undefined,
            "className": "profile__image",
            "src": "https://google.com",
          },
          "ref": null,
          "rendered": null,
          "type": "img",
        },
        Object {
          "instance": null,
          "key": undefined,
          "nodeType": "host",
          "props": Object {
            "children": Array [
              <h2
                className="profiles__name"
              />,
              <h3
                className="profiles__followers"
              >
                10
                 
                followers
              </h3>,
              <ul
                className="profile__genres"
              />,
            ],
            "className": "profile__details",
          },
          "ref": null,
          "rendered": Array [
            Object {
              "instance": null,
              "key": undefined,
              "nodeType": "host",
              "props": Object {
                "children": undefined,
                "className": "profiles__name",
              },
              "ref": null,
              "rendered": null,
              "type": "h2",
            },
            Object {
              "instance": null,
              "key": undefined,
              "nodeType": "host",
              "props": Object {
                "children": Array [
                  10,
                  " ",
                  "followers",
                ],
                "className": "profiles__followers",
              },
              "ref": null,
              "rendered": Array [
                10,
                " ",
                "followers",
              ],
              "type": "h3",
            },
            Object {
              "instance": null,
              "key": undefined,
              "nodeType": "host",
              "props": Object {
                "children": undefined,
                "className": "profile__genres",
              },
              "ref": null,
              "rendered": null,
              "type": "ul",
            },
          ],
          "type": "div",
        },
      ],
      "type": "section",
    },
  ],
  Symbol(enzyme.__options__): Object {
    "adapter": ReactSixteenAdapter {
      "options": Object {
        "enableComponentDidUpdateOnSetState": true,
        "lifecycles": Object {
          "componentDidUpdate": Object {
            "onSetState": true,
          },
          "getSnapshotBeforeUpdate": true,
        },
      },
    },
    "attachTo": undefined,
    "hydrateIn": undefined,
  },
}
`;
